../Core/Src/main.c:71:6:LCD_Cmd	16	static
../Core/Src/main.c:86:6:LCD_Init	8	static
../Core/Src/main.c:105:6:LCD_Print	16	static
../Core/Src/main.c:127:6:LCD_Print_Int	48	static
../Core/Src/main.c:151:6:HAL_UART_RxCpltCallback	16	static
../Core/Src/main.c:178:5:main	8	static
../Core/Src/main.c:235:6:SystemClock_Config	88	static
../Core/Src/main.c:277:13:MX_USART6_UART_Init	8	static
../Core/Src/main.c:312:13:MX_GPIO_Init	40	static
../Core/Src/main.c:351:6:Error_Handler	4	static,ignoring_inline_asm
