../Core/Src/main.c:64:6:readRegister	24	static
../Core/Src/main.c:74:6:modifyRegister	24	static
../Core/Src/main.c:89:6:AD7779_hardRESET	8	static
../Core/Src/main.c:97:6:AD7779_softRESET	8	static
../Core/Src/main.c:114:6:channelEnable	16	static
../Core/Src/main.c:120:6:readADC	16	static
../Core/Src/main.c:131:5:main	8	static
../Core/Src/main.c:182:6:SystemClock_Config	88	static
../Core/Src/main.c:224:13:MX_SPI2_Init	8	static
../Core/Src/main.c:264:13:MX_GPIO_Init	48	static
../Core/Src/main.c:311:6:Error_Handler	4	static,ignoring_inline_asm
